$ cat kmalloc_stat1
----------------------------------------------------------------------------------------
|   bufer size | alloc min | alloc avr | alloc max |  free min |  free avr |  free max |
|        bytes |        ns |        ns |        ns |        ns |        ns |        ns |
----------------------------------------------------------------------------------------
|         1 + 0|       789 |      1293 |      2943 |       575 |      1407 |      4452 |
|         1 + 1|       793 |      1190 |      2511 |       580 |       620 |       680 |
|         2 + 0|       789 |       942 |      1076 |       580 |       642 |       741 |
|         2 + 1|       793 |       852 |      1043 |       576 |       614 |       663 |
|         4 + 0|       782 |       875 |      1159 |       576 |       625 |       757 |
|         4 + 1|       789 |       909 |      1358 |       583 |       641 |       751 |
|         8 + 0|       782 |       893 |      1323 |       576 |       598 |       635 |
|         8 + 1|       792 |       868 |      1035 |       582 |       971 |      2488 |
|        16 + 0|       818 |     31842 |    155278 |       578 |       886 |      1899 |
|        16 + 1|       789 |       893 |      1224 |       578 |       788 |      1349 |
|        32 + 0|       783 |       845 |      1026 |       578 |       596 |       656 |
|        32 + 1|       793 |      1295 |      3227 |       578 |       614 |       747 |
|        64 + 0|       785 |      3382 |     13591 |       572 |       608 |       730 |
|        64 + 1|       787 |      1044 |      2010 |       577 |       618 |       744 |
|       128 + 0|       783 |      1028 |      1926 |       578 |       609 |       726 |
|       128 + 1|       791 |      1101 |      2211 |       576 |       617 |       754 |
|       256 + 0|       786 |       876 |      1225 |       579 |       608 |       718 |
|       256 + 1|       784 |      1013 |      1855 |       575 |       600 |       691 |
|       512 + 0|       785 |       841 |      1038 |       574 |       597 |       644 |
|       512 + 1|       786 |       926 |      1458 |       574 |       639 |       853 |
|      1024 + 0|       844 |     10317 |     47681 |       572 |       687 |      1026 |
|      1024 + 1|       801 |      1528 |      4206 |       588 |       803 |      1644 |
|      2048 + 0|       788 |       866 |      1068 |       583 |       599 |       649 |
|      2048 + 1|       787 |      1067 |      2089 |       585 |       633 |       790 |
|      4096 + 0|       789 |       891 |      1201 |       583 |       597 |       645 |
|      4096 + 1|       791 |      1115 |      2214 |       580 |       909 |      2217 |
|      8192 + 0|       795 |       955 |      1316 |       576 |       608 |       667 |
|      8192 + 1|      3202 |      6647 |     19260 |      2072 |      4497 |     12845 |
|     16384 + 0|      3202 |      3866 |      6188 |      2033 |      2354 |      3426 |
|     16384 + 1|      3348 |      4587 |      8094 |      2348 |      2919 |      4928 |
|     32768 + 0|      4228 |      4365 |      4526 |      2329 |      2445 |      2600 |
|     32768 + 1|      3509 |      3626 |      3973 |      2490 |      2660 |      3114 |
----------------------------------------------------------------------------------------
$ cat kmalloc_stat2
----------------------------------------------------------------------------------------
|   bufer size | alloc min | alloc avr | alloc max |  free min |  free avr |  free max |
|        bytes |        ns |        ns |        ns |        ns |        ns |        ns |
----------------------------------------------------------------------------------------
|     65536 + 0|      3442 |      5775 |     13924 |      2538 |      4315 |     10785 |
|     65536 + 1|      3844 |     40671 |    186017 |      2943 |      3636 |      6008 |
|    131072 + 0|      3789 |      4487 |      6857 |      2958 |      3046 |      3281 |
|    131072 + 1|      4738 |      5525 |      6752 |      3867 |     12110 |     44472 |
|    262144 + 0|      4726 |      4823 |      5086 |      3883 |      3985 |      4279 |
|    262144 + 1|      7282 |      8141 |      9509 |      6316 |      7240 |      9031 |
|    524288 + 0|      6427 |      6911 |      7818 |      5686 |      6552 |      6980 |
|    524288 + 1|      9398 |      9727 |     10731 |      8921 |      9063 |      9204 |
|   1048576 + 0|      9532 |     10477 |     12403 |      9084 |      9498 |      9966 |
|   1048576 + 1|     15933 |     18317 |     21611 |     15878 |     17156 |     20862 |
|   2097152 + 0|     15745 |     94117 |    404796 |     15889 |     16898 |     19454 |
|   2097152 + 1|     28833 |     34548 |     50502 |     30230 |     72947 |    241489 |
|   4194304 + 0|     28366 |     28985 |     30265 |     29495 |     29711 |     29979 |
Allocation error, buff size= 4194304 + 1
----------------------------------------------------------------------------------------
$ cat kzmalloc_stat1
----------------------------------------------------------------------------------------
|   bufer size | alloc min | alloc avr | alloc max |  free min |  free avr |  free max |
|        bytes |        ns |        ns |        ns |        ns |        ns |        ns |
----------------------------------------------------------------------------------------
|         1 + 0|      1028 |      2580 |      8485 |       957 |      2969 |     10708 |
|         1 + 1|       944 |      1747 |      4751 |       964 |      1381 |      2867 |
|         2 + 0|       940 |      1043 |      1252 |       958 |      1026 |      1091 |
|         2 + 1|       935 |      1046 |      1265 |       968 |      1019 |      1184 |
|         4 + 0|       931 |      1032 |      1299 |       960 |      1084 |      1511 |
|         4 + 1|       922 |      1006 |      1234 |       960 |      1022 |      1167 |
|         8 + 0|       931 |      1013 |      1283 |       962 |      1006 |      1103 |
|         8 + 1|       977 |      1112 |      1454 |      1011 |      1388 |      2724 |
|        16 + 0|       969 |      1096 |      1441 |      1015 |      1067 |      1133 |
|        16 + 1|      1075 |      1309 |      2020 |      1086 |      1147 |      1262 |
|        32 + 0|      1057 |      1182 |      1505 |      1090 |      1158 |      1243 |
|        32 + 1|      1204 |      1528 |      2672 |      1248 |      1463 |      2243 |
|        64 + 0|      1184 |      1406 |      1935 |      1241 |      1303 |      1400 |
|        64 + 1|      1370 |      1540 |      2134 |      1394 |      1489 |      1673 |
|       128 + 0|      1480 |      1722 |      2476 |      1502 |      1604 |      1783 |
|       128 + 1|      1758 |      2164 |      3664 |      1797 |      1898 |      2204 |
|       256 + 0|      2070 |      2396 |      2898 |      2089 |      2169 |      2261 |
|       256 + 1|      3236 |      4092 |      6883 |      3331 |      3575 |      4113 |
|       512 + 0|      3275 |      3368 |      3587 |      3333 |      3366 |      3420 |
|       512 + 1|      5704 |      5912 |      6456 |      5817 |      5900 |      5979 |
|      1024 + 0|      5762 |      5892 |      6221 |      5817 |      5877 |      5977 |
|      1024 + 1|     10334 |     11097 |     13622 |     10460 |     10659 |     11295 |
|      2048 + 0|     10325 |     10441 |     10595 |     10513 |     10548 |     10613 |
|      2048 + 1|     19470 |     19916 |     20806 |     19809 |     19850 |     19935 |
|      4096 + 0|     19680 |     20423 |     23007 |     19769 |     27188 |     55865 |
|      4096 + 1|     38260 |     42435 |     58472 |     38303 |     38845 |     40109 |
|      8192 + 0|     38163 |     60088 |    146043 |     38323 |     38661 |     39243 |
|      8192 + 1|     24940 |     33088 |     63703 |     77576 |     79378 |     85475 |
|     16384 + 0|     25026 |     26149 |     29367 |     77292 |     77986 |     78717 |
|     16384 + 1|     82909 |    143006 |    302608 |    152875 |    200331 |    360093 |
|     32768 + 0|     83963 |     96472 |    134876 |    152815 |    170925 |    240166 |
|     32768 + 1|     94081 |    162133 |    277766 |    303962 |    346471 |    496200 |
----------------------------------------------------------------------------------------
$ cat kzmalloc_stat2
----------------------------------------------------------------------------------------
|   bufer size | alloc min | alloc avr | alloc max |  free min |  free avr |  free max |
|        bytes |        ns |        ns |        ns |        ns |        ns |        ns |
----------------------------------------------------------------------------------------
|     65536 + 0|     92474 |    234074 |    765006 |    305988 |    438852 |    570449 |
|     65536 + 1|    182438 |    227434 |    377983 |    757097 |    847741 |    995585 |
|    131072 + 0|    179236 |    220347 |    381789 |    700981 |    737834 |    830198 |
|    131072 + 1|    369239 |    651272 |   1057250 |   1442573 |   1499191 |   1597330 |
|    262144 + 0|    360516 |    446562 |    549664 |   1325327 |   1386295 |   1514985 |
|    262144 + 1|   1505494 |   2614428 |   3869531 |   2760010 |   3780666 |   6237072 |
|    524288 + 0|    992936 |   2170160 |   3698072 |   2658176 |   3599046 |   6242309 |
|    524288 + 1|   1684124 |   2032978 |   2942074 |   5498492 |   6446591 |   8881828 |
|   1048576 + 0|   1450482 |   1628953 |   1732627 |   5674599 |   5980386 |   6311586 |
|   1048576 + 1|   3468142 |   4367090 |   7670597 |  11456281 |  11653689 |  11804001 |
|   2097152 + 0|   3108306 |   3279538 |   3522223 |  11572225 |  11722617 |  11836646 |
|   2097152 + 1|   7036888 |   8048786 |  11960539 |  22998080 |  23125843 |  23403402 |
|   4194304 + 0|   7082222 |   7223643 |   7373161 |  22792502 |  23056043 |  23174645 |
Allocation error, buff size= 4194304 + 1
----------------------------------------------------------------------------------------
$ cat vmalloc_stat1
----------------------------------------------------------------------------------------
|   bufer size | alloc min | alloc avr | alloc max |  free min |  free avr |  free max |
|        bytes |        ns |        ns |        ns |        ns |        ns |        ns |
----------------------------------------------------------------------------------------
|         1 + 0|      7934 |     18749 |     51595 |      4667 |     10799 |     33112 |
|         1 + 1|      7297 |     24077 |     89295 |      4106 |      5912 |     12825 |
|         2 + 0|      7213 |      7794 |      8960 |      4109 |      4215 |      4379 |
|         2 + 1|      7185 |      7457 |      7703 |      4022 |      4197 |      4317 |
|         4 + 0|      7112 |      7305 |      7736 |      4064 |      4269 |      4744 |
|         4 + 1|      7120 |      7365 |      7690 |      4062 |      4130 |      4257 |
|         8 + 0|      7111 |      7327 |      7614 |      4033 |      4182 |      4337 |
|         8 + 1|      7335 |     10024 |     19398 |      4172 |      4929 |      7832 |
|        16 + 0|      7478 |      8661 |     10079 |      4195 |      4547 |      5146 |
|        16 + 1|      7364 |      7966 |      9368 |      4146 |      4682 |      5846 |
|        32 + 0|      7141 |      7624 |      8643 |      4140 |      4344 |      4942 |
|        32 + 1|      7113 |      7377 |      7860 |      4091 |      4222 |      4351 |
|        64 + 0|      8117 |     11581 |     20039 |      4147 |      4396 |      4960 |
|        64 + 1|      7464 |      7902 |      8215 |      4210 |      4373 |      4754 |
|       128 + 0|      7490 |      9944 |     16070 |      4232 |     39633 |    177083 |
|       128 + 1|      7129 |      9670 |     12275 |      4115 |      4510 |      5919 |
|       256 + 0|      7394 |      7974 |      8526 |      4297 |      4426 |      4717 |
|       256 + 1|      7371 |      7845 |      9237 |      4249 |      4443 |      4988 |
|       512 + 0|      7186 |      8348 |     11449 |      4098 |      4269 |      4501 |
|       512 + 1|      7333 |      7692 |      8361 |      4141 |      4297 |      4545 |
|      1024 + 0|      7126 |      7737 |      8214 |      4136 |      4338 |      4538 |
|      1024 + 1|      7601 |     12329 |     29985 |      4265 |      6196 |     13737 |
|      2048 + 0|      7127 |      9752 |     17482 |      4102 |      4707 |      6728 |
|      2048 + 1|      7197 |     15850 |     48009 |      4070 |      4905 |      7954 |
|      4096 + 0|      7254 |      7825 |      9848 |      4179 |      4280 |      4525 |
|      4096 + 1|      8111 |     12656 |     29070 |      4844 |      5302 |      6968 |
|      8192 + 0|      8224 |      8999 |     10606 |      4785 |      4946 |      5305 |
|      8192 + 1|      8902 |      9332 |     10138 |      5553 |      6070 |      7155 |
|     16384 + 0|      9675 |     10260 |     11326 |      6121 |      6342 |      6721 |
|     16384 + 1|     10710 |     40881 |    158551 |      6790 |      7577 |      9980 |
|     32768 + 0|     13211 |     13542 |     14377 |      8741 |      8896 |      9169 |
|     32768 + 1|     14178 |     18064 |     31271 |      9434 |     10065 |     12282 |
----------------------------------------------------------------------------------------
$ cat vmalloc_stat2
----------------------------------------------------------------------------------------
|   bufer size | alloc min | alloc avr | alloc max |  free min |  free avr |  free max |
|        bytes |        ns |        ns |        ns |        ns |        ns |        ns |
----------------------------------------------------------------------------------------
|     65536 + 0|     19836 |     28663 |     59305 |     14068 |     16794 |     27145 |
|     65536 + 1|     20945 |     70483 |    262114 |     14863 |     15741 |     18617 |
|    131072 + 0|     33777 |     36632 |     46423 |     24723 |     25203 |     26298 |
|    131072 + 1|     34957 |     40143 |     50693 |     25631 |     28258 |     35544 |
|    262144 + 0|     72244 |    831382 |   3561974 |     59104 |    119341 |    322258 |
|    262144 + 1|     74919 |    120768 |    289943 |     59806 |     62553 |     70588 |
|    524288 + 0|    149208 |    257169 |    376499 |    126772 |    147684 |    179824 |
|    524288 + 1|    152390 |    281952 |    761718 |    127323 |    153842 |    233818 |
|   1048576 + 0|    311991 |    377760 |    475020 |    262923 |    373483 |    525478 |
|   1048576 + 1|    305663 |    392857 |    610320 |    260571 |    289010 |    366165 |
|   2097152 + 0|    645974 |    755059 |    926739 |    534531 |    633940 |    732002 |
|   2097152 + 1|    723508 |   1006844 |   1926905 |    536149 |    807299 |   1276895 |
|   4194304 + 0|   1338537 |   1599664 |   2286513 |   1185550 |   1257160 |   1335275 |
|   4194304 + 1|   1419729 |   1615973 |   1910954 |   1225487 |   1974250 |   4360329 |
|   8388608 + 0|   2835975 |   3684401 |   6135685 |   2426629 |   2681764 |   2810129 |
|   8388608 + 1|   2765536 |   2974662 |   3225825 |   2546129 |   3453034 |   5914340 |
|  16777216 + 0|   5542312 |   6126835 |   6583816 |   5129771 |   5271704 |   5515804 |
|  16777216 + 1|   5493447 |   5850748 |   6278074 |   5554386 |   5605431 |   5746812 |
|  33554432 + 0|  11450477 |  12451720 |  15413025 |  10660802 |  11856484 |  15082391 |
|  33554432 + 1|  11680145 |  12860325 |  14990227 |  10539259 |  12304440 |  14544234 |
|  67108864 + 0|  24176809 |  26391734 |  27277667 |  21750380 |  24198354 |  26193000 |
|  67108864 + 1|  22717858 |  24124844 |  28282849 |  21066899 |  21507564 |  21769731 |
Allocation error, buff size= 134217728 + 0
----------------------------------------------------------------------------------------
$ cat getFreePages_stat 
----------------------------------------------------------------------------------------
|   bufer size | alloc min | alloc avr | alloc max |  free min |  free avr |  free max |
|        bytes |        ns |        ns |        ns |        ns |        ns |        ns |
----------------------------------------------------------------------------------------
|         1 + 0|      1356 |      7177 |     28071 |      1538 |      3580 |     11237 |
|         2 + 0|      2342 |      3741 |      8685 |      1992 |      3956 |     10546 |
|         4 + 0|      2584 |     31504 |    139172 |      2121 |      3301 |      5190 |
|         8 + 0|      2661 |      2946 |      3663 |      2183 |      2549 |      3275 |
|        16 + 0|      2654 |      3192 |      4233 |      2261 |      2751 |      3226 |
|        32 + 0|      2803 |      3312 |      4103 |      2643 |      3089 |      3701 |
|        64 + 0|      3453 |     38096 |    173116 |      3482 |     70890 |    331510 |
|       128 + 0|      5292 |      6592 |      9646 |      5667 |      6556 |      8307 |
|       256 + 0|      6376 |     11170 |     27572 |      7630 |     11936 |     23794 |
|       512 + 0|     10386 |     11333 |     13961 |     13338 |     15909 |     25731 |
|      1024 + 0|     18532 |     54464 |    195412 |     24583 |     42129 |     93193 |
Allocation error, buff size= 2048 + 0
----------------------------------------------------------------------------------------
